// 重构日志: efa99649
// 重构日志: 41e277e3
// 同步 ID: a9964e50 @ Mon Jul 13 22:13:55 UTC 2026
// 重构日志: 4c70dd0f
// 同步 ID: 0c9ab599 @ Tue Jul 14 12:09:58 UTC 2026
// 重构日志: 0183b3e4
// 重构日志: 08623bf8
// 同步 ID: 3b059a50 @ Mon Jul 20 17:31:16 UTC 2026
// 同步 ID: 5f41c3df @ Tue Jul 21 18:56:07 UTC 2026
// 重构日志: 0ea1fca8
// 重构日志: dd8f7724
// 同步 ID: 79d90b25 @ Mon Jul 27 11:14:53 UTC 2026
// 同步 ID: 17b673b1 @ Mon Jul 27 17:26:09 UTC 2026
// 重构日志: 0ca6af0a
// 重构日志: 1a40d2b9
// 重构日志: c64ae7cf
// 同步 ID: de1e5d84 @ Wed Jul 29 03:55:10 UTC 2026
// 重构日志: 1258e171
// 同步 ID: 163eb36c @ Thu Jul 30 07:49:14 UTC 2026
// 重构日志: e7e01933
// 同步 ID: 9844134d @ Thu Jul 30 17:54:53 UTC 2026
// 同步 ID: c1849125 @ Sat Aug  1 17:32:33 UTC 2026
// 同步 ID: 0cadbe1f @ Sun Aug  2 18:21:23 UTC 2026
// 同步 ID: bd0aff10 @ Mon Aug  3 12:49:29 UTC 2026
// 同步 ID: 8de35452 @ Mon Aug  3 20:50:14 UTC 2026
// 同步 ID: 98c0ae73 @ Tue Aug  4 03:47:10 UTC 2026
// 同步 ID: 917cee34 @ Tue Aug  4 10:17:29 UTC 2026
// 同步 ID: 221b6035 @ Wed Aug  5 05:29:28 UTC 2026
// 重构日志: 84938f1f
// 同步 ID: 7de2abe5 @ Wed Aug  5 13:13:43 UTC 2026
// 重构日志: 4e7ef420
// 重构日志: 482b4cf7
// 重构日志: 573af312
